
> react-typescript-starter@0.1.0 test
> react-scripts test "--coverage"

  console.error
    Warning: The tag <text> is unrecognized in this browser. If you meant to render a React component, start its name with an uppercase letter.
        at text
        at div
        at p
        at div
        at div
        at ViewDegreePlansList (/home/runner/work/cis-scheduler-team-22/cis-scheduler-team-22/src/Compontents/viewDegreePlansList.tsx:25:5)
        at div
        at App (/home/runner/work/cis-scheduler-team-22/cis-scheduler-team-22/src/App.tsx:19:43)

      at printWarning (node_modules/react-dom/cjs/react-dom.development.js:67:30)
      at error (node_modules/react-dom/cjs/react-dom.development.js:43:5)
      at createElement (node_modules/react-dom/cjs/react-dom.development.js:9027:9)
      at createInstance (node_modules/react-dom/cjs/react-dom.development.js:10192:20)
      at completeWork (node_modules/react-dom/cjs/react-dom.development.js:19464:28)
      at completeUnitOfWork (node_modules/react-dom/cjs/react-dom.development.js:22812:16)
      at performUnitOfWork (node_modules/react-dom/cjs/react-dom.development.js:22787:5)

  console.error
    Warning: validateDOMNesting(...): <ul> cannot appear as a descendant of <p>.
        at ul
        at div
        at div
        at div
        at p
        at div
        at div
        at ViewDegreePlansList (/home/runner/work/cis-scheduler-team-22/cis-scheduler-team-22/src/Compontents/viewDegreePlansList.tsx:25:5)
        at div
        at App (/home/runner/work/cis-scheduler-team-22/cis-scheduler-team-22/src/App.tsx:19:43)

      at printWarning (node_modules/react-dom/cjs/react-dom.development.js:67:30)
      at error (node_modules/react-dom/cjs/react-dom.development.js:43:5)
      at validateDOMNesting (node_modules/react-dom/cjs/react-dom.development.js:10083:7)
      at createInstance (node_modules/react-dom/cjs/react-dom.development.js:10181:5)
      at completeWork (node_modules/react-dom/cjs/react-dom.development.js:19464:28)
      at completeUnitOfWork (node_modules/react-dom/cjs/react-dom.development.js:22812:16)
      at performUnitOfWork (node_modules/react-dom/cjs/react-dom.development.js:22787:5)

  console.error
    Warning: validateDOMNesting(...): <div> cannot appear as a descendant of <p>.
        at div
        at div
        at div
        at p
        at div
        at div
        at ViewDegreePlansList (/home/runner/work/cis-scheduler-team-22/cis-scheduler-team-22/src/Compontents/viewDegreePlansList.tsx:25:5)
        at div
        at App (/home/runner/work/cis-scheduler-team-22/cis-scheduler-team-22/src/App.tsx:19:43)

      at printWarning (node_modules/react-dom/cjs/react-dom.development.js:67:30)
      at error (node_modules/react-dom/cjs/react-dom.development.js:43:5)
      at validateDOMNesting (node_modules/react-dom/cjs/react-dom.development.js:10083:7)
      at createInstance (node_modules/react-dom/cjs/react-dom.development.js:10181:5)
      at completeWork (node_modules/react-dom/cjs/react-dom.development.js:19464:28)
      at completeUnitOfWork (node_modules/react-dom/cjs/react-dom.development.js:22812:16)
      at performUnitOfWork (node_modules/react-dom/cjs/react-dom.development.js:22787:5)

  console.error
    Warning: validateDOMNesting(...): <h4> cannot appear as a descendant of <p>.
        at h4
        at div
        at ViewSemester (/home/runner/work/cis-scheduler-team-22/cis-scheduler-team-22/src/Compontents/viewSemester.tsx:11:5)
        at p
        at div
        at /home/runner/work/cis-scheduler-team-22/cis-scheduler-team-22/node_modules/react-bootstrap/cjs/Col.js:72:8
        at div
        at /home/runner/work/cis-scheduler-team-22/cis-scheduler-team-22/node_modules/react-bootstrap/cjs/Row.js:22:3
        at div
        at ViewDegreePlan (/home/runner/work/cis-scheduler-team-22/cis-scheduler-team-22/src/Compontents/viewDegreePlan.tsx:11:5)
        at div
        at App (/home/runner/work/cis-scheduler-team-22/cis-scheduler-team-22/src/App.tsx:19:43)

      at printWarning (node_modules/react-dom/cjs/react-dom.development.js:67:30)
      at error (node_modules/react-dom/cjs/react-dom.development.js:43:5)
      at validateDOMNesting (node_modules/react-dom/cjs/react-dom.development.js:10083:7)
      at createInstance (node_modules/react-dom/cjs/react-dom.development.js:10181:5)
      at completeWork (node_modules/react-dom/cjs/react-dom.development.js:19464:28)
      at completeUnitOfWork (node_modules/react-dom/cjs/react-dom.development.js:22812:16)
      at performUnitOfWork (node_modules/react-dom/cjs/react-dom.development.js:22787:5)

  console.error
    Warning: validateDOMNesting(...): <p> cannot appear as a descendant of <p>.
        at p
        at div
        at ViewCourse (/home/runner/work/cis-scheduler-team-22/cis-scheduler-team-22/src/Compontents/viewCourse.tsx:9:5)
        at p
        at div
        at ViewSemester (/home/runner/work/cis-scheduler-team-22/cis-scheduler-team-22/src/Compontents/viewSemester.tsx:11:5)
        at p
        at div
        at /home/runner/work/cis-scheduler-team-22/cis-scheduler-team-22/node_modules/react-bootstrap/cjs/Col.js:72:8
        at div
        at /home/runner/work/cis-scheduler-team-22/cis-scheduler-team-22/node_modules/react-bootstrap/cjs/Row.js:22:3
        at div
        at ViewDegreePlan (/home/runner/work/cis-scheduler-team-22/cis-scheduler-team-22/src/Compontents/viewDegreePlan.tsx:11:5)
        at div
        at App (/home/runner/work/cis-scheduler-team-22/cis-scheduler-team-22/src/App.tsx:19:43)

      at printWarning (node_modules/react-dom/cjs/react-dom.development.js:67:30)
      at error (node_modules/react-dom/cjs/react-dom.development.js:43:5)
      at validateDOMNesting (node_modules/react-dom/cjs/react-dom.development.js:10083:7)
      at createInstance (node_modules/react-dom/cjs/react-dom.development.js:10181:5)
      at completeWork (node_modules/react-dom/cjs/react-dom.development.js:19464:28)
      at completeUnitOfWork (node_modules/react-dom/cjs/react-dom.development.js:22812:16)
      at performUnitOfWork (node_modules/react-dom/cjs/react-dom.development.js:22787:5)

PASS src/App.test.tsx
  ✓ renders the course name somewhere (203 ms)

-----------------------------|---------|----------|---------|---------|--------------------------
File                         | % Stmts | % Branch | % Funcs | % Lines | Uncovered Line #s        
-----------------------------|---------|----------|---------|---------|--------------------------
All files                    |   28.57 |     31.6 |   21.73 |   28.57 |                          
 src                         |      90 |       50 |     100 |      90 |                          
  App.tsx                    |      90 |       50 |     100 |      90 | 28                       
 src/Compontents             |    9.72 |    14.68 |   10.74 |    9.72 |                          
  editCourse.tsx             |       0 |        0 |       0 |       0 | 31-109                   
  editCourseRequirements.tsx |       0 |        0 |       0 |       0 | 33-181                   
  editDegreePlan.tsx         |       0 |        0 |       0 |       0 | 21-40                    
  editSemester.tsx           |       0 |      100 |       0 |       0 | 22-57                    
  readJSON.tsx               |     100 |      100 |     100 |     100 |                          
  searchCourse.tsx           |      25 |       30 |      10 |      25 | 44-205                   
  viewCourse.tsx             |     7.5 |    22.72 |   13.33 |     7.5 | 32-83,140-147            
  viewCoursePool.tsx         |   16.66 |        0 |   16.66 |   16.66 | 6-37,43-46               
  viewDegreePlan.tsx         |    8.82 |     12.5 |    12.5 |    8.82 | 30-87,108,150-159        
  viewDegreePlansList.tsx    |   26.31 |    46.15 |   23.07 |   26.31 | 41-45,60,107-141,210-293 
  viewSemester.tsx           |    6.25 |     8.33 |   10.52 |    6.25 | 31-118,154-177           
 src/interfaces              |   89.85 |    81.25 |     100 |   89.85 |                          
  Course.ts                  |   78.57 |    73.07 |     100 |   78.57 | 65,74,83,102,111,120     
  CourseCSVTable.ts          |     100 |      100 |     100 |     100 |                          
  Degree.ts                  |     100 |      100 |     100 |     100 |                          
  DegreePlan.ts              |   97.05 |     90.9 |     100 |   97.05 | 82                       
  Requirements.ts            |     100 |      100 |     100 |     100 |                          
  Section.ts                 |       0 |        0 |       0 |       0 |                          
  Semester.ts                |       0 |        0 |       0 |       0 |                          
-----------------------------|---------|----------|---------|---------|--------------------------
Test Suites: 1 passed, 1 total
Tests:       1 passed, 1 total
Snapshots:   0 total
Time:        3.349 s
Ran all test suites.
